// Jest Snapshot v1, https://goo.gl/fbAQLP

exports[`<Chat /> render() render component 1`] = `
<Chat
  connected={true}
  handleConnectionStatusEvents={[Function]}
  isTyping={Array []}
  setIncommingHistoryEvent={[Function]}
  setIncommingIsTypingEvent={[Function]}
  setIncommingMessageEvent={[Function]}
  setIncommingUserlistEvent={[Function]}
  setUsername={[Function]}
  store={
    Object {
      "clearActions": [Function],
      "dispatch": [Function],
      "getActions": [Function],
      "getState": [Function],
      "replaceReducer": [Function],
      "subscribe": [Function],
    }
  }
  storeSubscription={
    Subscription {
      "listeners": Object {
        "clear": [Function],
        "get": [Function],
        "notify": [Function],
        "subscribe": [Function],
      },
      "onStateChange": [Function],
      "parentSub": undefined,
      "store": Object {
        "clearActions": [Function],
        "dispatch": [Function],
        "getActions": [Function],
        "getState": [Function],
        "replaceReducer": [Function],
        "subscribe": [Function],
      },
      "unsubscribe": [Function],
    }
  }
  username="Mike"
/>
`;
