// Jest Snapshot v1, https://goo.gl/fbAQLP

exports[`<WhoIsTyping /> render() render component 1`] = `
<div
  className="whoistyping"
>
  undefined is typing...
</div>
`;
